Starting experiment batch 'exp3.2'
Running make run-all (RUNNER=hpc, LABEL=exp3.2, N=4)...
/software/conda/ppdm1/conda/bin/conda run -n coach --no-capture-output python run_all_scenarios.py --graph both --repeat 4 --label "exp3.2"
[agentic] 1/104 scenario_01_01 (repeat 1/4)
Calling Candidate server...
Structured call to Candidate server failed (Error code: 400 - {'error': {'message': 'Provider returned error', 'code': 400, 'metadata': {'raw': '{"error": {"message": "{\\"error\\":{\\"message\\":\\"This model\'s maximum context length is 8192 tokens. However, you requested 8192 output tokens and your prompt contains 11151 characters (more than 0 characters, which is the upper bound for 0 input tokens). Please reduce the length of the input prompt or the number of requested output tokens. (parameter=input_text, value=11151)\\",\\"type\\":\\"BadRequestError\\",\\"param\\":\\"input_text\\",\\"code\\":400}}", "type": "invalid_request_error", "param": null, "code": 400}}', 'provider_name': 'NextBit', 'is_byok': False, 'provider_error_code': '400'}}, 'user_id': 'user_3GJo0fkBfUnouJ6Q4PCHo7kXw4J'}); retrying unconstrained.
Calling Interviewer server...
Calling Candidate server...
Structured call to Candidate server failed (Error code: 400 - {'error': {'message': 'Provider returned error', 'code': 400, 'metadata': {'raw': '{"error": {"message": "{\\"error\\":{\\"message\\":\\"This model\'s maximum context length is 8192 tokens. However, you requested 8192 output tokens and your prompt contains 11801 characters (more than 0 characters, which is the upper bound for 0 input tokens). Please reduce the length of the input prompt or the number of requested output tokens. (parameter=input_text, value=11801)\\",\\"type\\":\\"BadRequestError\\",\\"param\\":\\"input_text\\",\\"code\\":400}}", "type": "invalid_request_error", "param": null, "code": 400}}', 'provider_name': 'NextBit', 'is_byok': False, 'provider_error_code': '400'}}, 'user_id': 'user_3GJo0fkBfUnouJ6Q4PCHo7kXw4J'}); retrying unconstrained.
Calling Interviewer server...
Calling Candidate server...
Structured call to Candidate server failed (Error code: 400 - {'error': {'message': 'Provider returned error', 'code': 400, 'metadata': {'raw': '{"error": {"message": "{\\"error\\":{\\"message\\":\\"This model\'s maximum context length is 8192 tokens. However, you requested 8192 output tokens and your prompt contains 12529 characters (more than 0 characters, which is the upper bound for 0 input tokens). Please reduce the length of the input prompt or the number of requested output tokens. (parameter=input_text, value=12529)\\",\\"type\\":\\"BadRequestError\\",\\"param\\":\\"input_text\\",\\"code\\":400}}", "type": "invalid_request_error", "param": null, "code": 400}}', 'provider_name': 'NextBit', 'is_byok': False, 'provider_error_code': '400'}}, 'user_id': 'user_3GJo0fkBfUnouJ6Q4PCHo7kXw4J'}); retrying unconstrained.
Calling Interviewer server...
Calling Candidate server...
Structured call to Candidate server failed (Error code: 400 - {'error': {'message': 'Provider returned error', 'code': 400, 'metadata': {'raw': '{"error": {"message": "{\\"error\\":{\\"message\\":\\"This model\'s maximum context length is 8192 tokens. However, you requested 8192 output tokens and your prompt contains 13955 characters (more than 0 characters, which is the upper bound for 0 input tokens). Please reduce the length of the input prompt or the number of requested output tokens. (parameter=input_text, value=13955)\\",\\"type\\":\\"BadRequestError\\",\\"param\\":\\"input_text\\",\\"code\\":400}}", "type": "invalid_request_error", "param": null, "code": 400}}', 'provider_name': 'NextBit', 'is_byok': False, 'provider_error_code': '400'}}, 'user_id': 'user_3GJo0fkBfUnouJ6Q4PCHo7kXw4J'}); retrying unconstrained.
Calling Judge Case Guide Scout server...
Calling Judge server...
Calling Interviewer server...
Calling Candidate server...
Structured call to Candidate server failed (Error code: 400 - {'error': {'message': 'Provider returned error', 'code': 400, 'metadata': {'raw': '{"error": {"message": "{\\"error\\":{\\"message\\":\\"This model\'s maximum context length is 8192 tokens. However, you requested 8192 output tokens and your prompt contains 15594 characters (more than 0 characters, which is the upper bound for 0 input tokens). Please reduce the length of the input prompt or the number of requested output tokens. (parameter=input_text, value=15594)\\",\\"type\\":\\"BadRequestError\\",\\"param\\":\\"input_text\\",\\"code\\":400}}", "type": "invalid_request_error", "param": null, "code": 400}}', 'provider_name': 'NextBit', 'is_byok': False, 'provider_error_code': '400'}}, 'user_id': 'user_3GJo0fkBfUnouJ6Q4PCHo7kXw4J'}); retrying unconstrained.
Calling Interviewer server...
Calling Candidate server...
Structured call to Candidate server failed (Error code: 400 - {'error': {'message': 'Provider returned error', 'code': 400, 'metadata': {'raw': '{"error": {"message": "{\\"error\\":{\\"message\\":\\"This model\'s maximum context length is 8192 tokens. However, you requested 8192 output tokens and your prompt contains 17489 characters (more than 0 characters, which is the upper bound for 0 input tokens). Please reduce the length of the input prompt or the number of requested output tokens. (parameter=input_text, value=17489)\\",\\"type\\":\\"BadRequestError\\",\\"param\\":\\"input_text\\",\\"code\\":400}}", "type": "invalid_request_error", "param": null, "code": 400}}', 'provider_name': 'NextBit', 'is_byok': False, 'provider_error_code': '400'}}, 'user_id': 'user_3GJo0fkBfUnouJ6Q4PCHo7kXw4J'}); retrying unconstrained.
Calling Interviewer server...
Calling Candidate server...
Structured call to Candidate server failed (Error code: 400 - {'error': {'message': 'Provider returned error', 'code': 400, 'metadata': {'raw': '{"error": {"message": "{\\"error\\":{\\"message\\":\\"This model\'s maximum context length is 8192 tokens. However, you requested 8192 output tokens and your prompt contains 19434 characters (more than 0 characters, which is the upper bound for 0 input tokens). Please reduce the length of the input prompt or the number of requested output tokens. (parameter=input_text, value=19434)\\",\\"type\\":\\"BadRequestError\\",\\"param\\":\\"input_text\\",\\"code\\":400}}", "type": "invalid_request_error", "param": null, "code": 400}}', 'provider_name': 'NextBit', 'is_byok': False, 'provider_error_code': '400'}}, 'user_id': 'user_3GJo0fkBfUnouJ6Q4PCHo7kXw4J'}); retrying unconstrained.
Calling Interviewer server...
Calling Candidate server...
Structured call to Candidate server failed (Error code: 400 - {'error': {'message': 'Provider returned error', 'code': 400, 'metadata': {'raw': '{"error": {"message": "{\\"error\\":{\\"message\\":\\"This model\'s maximum context length is 8192 tokens. However, you requested 8192 output tokens and your prompt contains 21785 characters (more than 0 characters, which is the upper bound for 0 input tokens). Please reduce the length of the input prompt or the number of requested output tokens. (parameter=input_text, value=21785)\\",\\"type\\":\\"BadRequestError\\",\\"param\\":\\"input_text\\",\\"code\\":400}}", "type": "invalid_request_error", "param": null, "code": 400}}', 'provider_name': 'NextBit', 'is_byok': False, 'provider_error_code': '400'}}, 'user_id': 'user_3GJo0fkBfUnouJ6Q4PCHo7kXw4J'}); retrying unconstrained.
Calling Judge Case Guide Scout server...
Calling Judge server...
Calling Eval Case Performance Scout server...
Calling Eval Dialog Quality Case Guide Scout server...
Calling Eval Dialog Quality server...
Fetching 5 files:   0%|          | 0/5 [00:00<?, ?it/s]Fetching 5 files:  20%|██        | 1/5 [00:00<00:02,  1.74it/s]Fetching 5 files:  40%|████      | 2/5 [00:03<00:06,  2.11s/it]Fetching 5 files: 100%|██████████| 5/5 [00:03<00:00,  1.33it/s]
Calling Eval Case Performance server...
Calling Give Feedback Case Guide Scout server...
RAG being used, consulting ConsultingCaseGuide-PPML.pdf file
Calling Give Feedback server...
[agentic] 2/104 scenario_01_01 (repeat 2/4)
Calling Candidate server...
Structured call to Candidate server failed (Error code: 400 - {'error': {'message': 'Provider returned error', 'code': 400, 'metadata': {'raw': '{"error": {"message": "{\\"error\\":{\\"message\\":\\"This model\'s maximum context length is 8192 tokens. However, you requested 8192 output tokens and your prompt contains 11151 characters (more than 0 characters, which is the upper bound for 0 input tokens). Please reduce the length of the input prompt or the number of requested output tokens. (parameter=input_text, value=11151)\\",\\"type\\":\\"BadRequestError\\",\\"param\\":\\"input_text\\",\\"code\\":400}}", "type": "invalid_request_error", "param": null, "code": 400}}', 'provider_name': 'NextBit', 'is_byok': False, 'provider_error_code': '400'}}, 'user_id': 'user_3GJo0fkBfUnouJ6Q4PCHo7kXw4J'}); retrying unconstrained.
Calling Interviewer server...
Calling Candidate server...
Structured call to Candidate server failed (Error code: 400 - {'error': {'message': 'Provider returned error', 'code': 400, 'metadata': {'raw': '{"error": {"message": "{\\"error\\":{\\"message\\":\\"This model\'s maximum context length is 8192 tokens. However, you requested 8192 output tokens and your prompt contains 11914 characters (more than 0 characters, which is the upper bound for 0 input tokens). Please reduce the length of the input prompt or the number of requested output tokens. (parameter=input_text, value=11914)\\",\\"type\\":\\"BadRequestError\\",\\"param\\":\\"input_text\\",\\"code\\":400}}", "type": "invalid_request_error", "param": null, "code": 400}}', 'provider_name': 'NextBit', 'is_byok': False, 'provider_error_code': '400'}}, 'user_id': 'user_3GJo0fkBfUnouJ6Q4PCHo7kXw4J'}); retrying unconstrained.
Calling Interviewer server...
Calling Candidate server...
Structured call to Candidate server failed (Error code: 400 - {'error': {'message': 'Provider returned error', 'code': 400, 'metadata': {'raw': '{"error": {"message": "{\\"error\\":{\\"message\\":\\"This model\'s maximum context length is 8192 tokens. However, you requested 8192 output tokens and your prompt contains 13466 characters (more than 0 characters, which is the upper bound for 0 input tokens). Please reduce the length of the input prompt or the number of requested output tokens. (parameter=input_text, value=13466)\\",\\"type\\":\\"BadRequestError\\",\\"param\\":\\"input_text\\",\\"code\\":400}}", "type": "invalid_request_error", "param": null, "code": 400}}', 'provider_name': 'NextBit', 'is_byok': False, 'provider_error_code': '400'}}, 'user_id': 'user_3GJo0fkBfUnouJ6Q4PCHo7kXw4J'}); retrying unconstrained.
Calling Interviewer server...
Calling Candidate server...
Structured call to Candidate server failed (Error code: 400 - {'error': {'message': 'Provider returned error', 'code': 400, 'metadata': {'raw': '{"error": {"message": "{\\"error\\":{\\"message\\":\\"This model\'s maximum context length is 8192 tokens. However, you requested 8192 output tokens and your prompt contains 14584 characters (more than 0 characters, which is the upper bound for 0 input tokens). Please reduce the length of the input prompt or the number of requested output tokens. (parameter=input_text, value=14584)\\",\\"type\\":\\"BadRequestError\\",\\"param\\":\\"input_text\\",\\"code\\":400}}", "type": "invalid_request_error", "param": null, "code": 400}}', 'provider_name': 'NextBit', 'is_byok': False, 'provider_error_code': '400'}}, 'user_id': 'user_3GJo0fkBfUnouJ6Q4PCHo7kXw4J'}); retrying unconstrained.
Calling Judge Case Guide Scout server...
Calling Judge server...
Calling Eval Dialog Quality Case Guide Scout server...
Calling Eval Case Performance Scout server...
Calling Eval Dialog Quality server...
Calling Eval Case Performance server...
Calling Give Feedback Case Guide Scout server...
RAG being used, consulting ConsultingCaseGuide-PPML.pdf file
Calling Give Feedback server...
[agentic] 3/104 scenario_01_01 (repeat 3/4)
Calling Candidate server...
Structured call to Candidate server failed (Error code: 400 - {'error': {'message': 'Provider returned error', 'code': 400, 'metadata': {'raw': '{"error": {"message": "{\\"error\\":{\\"message\\":\\"This model\'s maximum context length is 8192 tokens. However, you requested 8192 output tokens and your prompt contains 11151 characters (more than 0 characters, which is the upper bound for 0 input tokens). Please reduce the length of the input prompt or the number of requested output tokens. (parameter=input_text, value=11151)\\",\\"type\\":\\"BadRequestError\\",\\"param\\":\\"input_text\\",\\"code\\":400}}", "type": "invalid_request_error", "param": null, "code": 400}}', 'provider_name': 'NextBit', 'is_byok': False, 'provider_error_code': '400'}}, 'user_id': 'user_3GJo0fkBfUnouJ6Q4PCHo7kXw4J'}); retrying unconstrained.
Calling Interviewer server...
Calling Candidate server...
Structured call to Candidate server failed (Error code: 400 - {'error': {'message': 'Provider returned error', 'code': 400, 'metadata': {'raw': '{"error": {"message": "{\\"error\\":{\\"message\\":\\"This model\'s maximum context length is 8192 tokens. However, you requested 8192 output tokens and your prompt contains 11958 characters (more than 0 characters, which is the upper bound for 0 input tokens). Please reduce the length of the input prompt or the number of requested output tokens. (parameter=input_text, value=11958)\\",\\"type\\":\\"BadRequestError\\",\\"param\\":\\"input_text\\",\\"code\\":400}}", "type": "invalid_request_error", "param": null, "code": 400}}', 'provider_name': 'NextBit', 'is_byok': False, 'provider_error_code': '400'}}, 'user_id': 'user_3GJo0fkBfUnouJ6Q4PCHo7kXw4J'}); retrying unconstrained.
Calling Interviewer server...
Calling Candidate server...
Structured call to Candidate server failed (Error code: 400 - {'error': {'message': 'Provider returned error', 'code': 400, 'metadata': {'raw': '{"error": {"message": "{\\"error\\":{\\"message\\":\\"This model\'s maximum context length is 8192 tokens. However, you requested 8192 output tokens and your prompt contains 12952 characters (more than 0 characters, which is the upper bound for 0 input tokens). Please reduce the length of the input prompt or the number of requested output tokens. (parameter=input_text, value=12952)\\",\\"type\\":\\"BadRequestError\\",\\"param\\":\\"input_text\\",\\"code\\":400}}", "type": "invalid_request_error", "param": null, "code": 400}}', 'provider_name': 'NextBit', 'is_byok': False, 'provider_error_code': '400'}}, 'user_id': 'user_3GJo0fkBfUnouJ6Q4PCHo7kXw4J'}); retrying unconstrained.
Calling Interviewer server...
Calling Candidate server...
Structured call to Candidate server failed (Error code: 400 - {'error': {'message': 'Provider returned error', 'code': 400, 'metadata': {'raw': '{"error": {"message": "{\\"error\\":{\\"message\\":\\"This model\'s maximum context length is 8192 tokens. However, you requested 8192 output tokens and your prompt contains 14132 characters (more than 0 characters, which is the upper bound for 0 input tokens). Please reduce the length of the input prompt or the number of requested output tokens. (parameter=input_text, value=14132)\\",\\"type\\":\\"BadRequestError\\",\\"param\\":\\"input_text\\",\\"code\\":400}}", "type": "invalid_request_error", "param": null, "code": 400}}', 'provider_name': 'NextBit', 'is_byok': False, 'provider_error_code': '400'}}, 'user_id': 'user_3GJo0fkBfUnouJ6Q4PCHo7kXw4J'}); retrying unconstrained.
Calling Judge Case Guide Scout server...
Calling Judge server...
Calling Interviewer server...
Calling Candidate server...
Structured call to Candidate server failed (Error code: 400 - {'error': {'message': 'Provider returned error', 'code': 400, 'metadata': {'raw': '{"error": {"message": "{\\"error\\":{\\"message\\":\\"This model\'s maximum context length is 8192 tokens. However, you requested 8192 output tokens and your prompt contains 15764 characters (more than 0 characters, which is the upper bound for 0 input tokens). Please reduce the length of the input prompt or the number of requested output tokens. (parameter=input_text, value=15764)\\",\\"type\\":\\"BadRequestError\\",\\"param\\":\\"input_text\\",\\"code\\":400}}", "type": "invalid_request_error", "param": null, "code": 400}}', 'provider_name': 'NextBit', 'is_byok': False, 'provider_error_code': '400'}}, 'user_id': 'user_3GJo0fkBfUnouJ6Q4PCHo7kXw4J'}); retrying unconstrained.
Calling Interviewer server...
Calling Candidate server...
Structured call to Candidate server failed (Error code: 400 - {'error': {'message': 'Provider returned error', 'code': 400, 'metadata': {'raw': '{"error": {"message": "{\\"error\\":{\\"message\\":\\"This model\'s maximum context length is 8192 tokens. However, you requested 8192 output tokens and your prompt contains 17107 characters (more than 0 characters, which is the upper bound for 0 input tokens). Please reduce the length of the input prompt or the number of requested output tokens. (parameter=input_text, value=17107)\\",\\"type\\":\\"BadRequestError\\",\\"param\\":\\"input_text\\",\\"code\\":400}}", "type": "invalid_request_error", "param": null, "code": 400}}', 'provider_name': 'NextBit', 'is_byok': False, 'provider_error_code': '400'}}, 'user_id': 'user_3GJo0fkBfUnouJ6Q4PCHo7kXw4J'}); retrying unconstrained.
Calling Interviewer server...
Calling Candidate server...
Structured call to Candidate server failed (Error code: 400 - {'error': {'message': 'Provider returned error', 'code': 400, 'metadata': {'raw': '{"error": {"message": "{\\"error\\":{\\"message\\":\\"This model\'s maximum context length is 8192 tokens. However, you requested 8192 output tokens and your prompt contains 18634 characters (more than 0 characters, which is the upper bound for 0 input tokens). Please reduce the length of the input prompt or the number of requested output tokens. (parameter=input_text, value=18634)\\",\\"type\\":\\"BadRequestError\\",\\"param\\":\\"input_text\\",\\"code\\":400}}", "type": "invalid_request_error", "param": null, "code": 400}}', 'provider_name': 'NextBit', 'is_byok': False, 'provider_error_code': '400'}}, 'user_id': 'user_3GJo0fkBfUnouJ6Q4PCHo7kXw4J'}); retrying unconstrained.
Calling Interviewer server...
Calling Candidate server...
Structured call to Candidate server failed (Error code: 400 - {'error': {'message': 'Provider returned error', 'code': 400, 'metadata': {'raw': '{"error": {"message": "{\\"error\\":{\\"message\\":\\"This model\'s maximum context length is 8192 tokens. However, you requested 8192 output tokens and your prompt contains 20174 characters (more than 0 characters, which is the upper bound for 0 input tokens). Please reduce the length of the input prompt or the number of requested output tokens. (parameter=input_text, value=20174)\\",\\"type\\":\\"BadRequestError\\",\\"param\\":\\"input_text\\",\\"code\\":400}}", "type": "invalid_request_error", "param": null, "code": 400}}', 'provider_name': 'NextBit', 'is_byok': False, 'provider_error_code': '400'}}, 'user_id': 'user_3GJo0fkBfUnouJ6Q4PCHo7kXw4J'}); retrying unconstrained.
Calling Judge Case Guide Scout server...
Calling Judge server...
Calling Eval Case Performance Scout server...
Calling Eval Dialog Quality Case Guide Scout server...
Calling Eval Dialog Quality server...
Calling Eval Case Performance server...
Calling Give Feedback Case Guide Scout server...
RAG being used, consulting ConsultingCaseGuide-PPML.pdf file
Calling Give Feedback server...
[agentic] 4/104 scenario_01_01 (repeat 4/4)
Calling Candidate server...
Structured call to Candidate server failed (Error code: 400 - {'error': {'message': 'Provider returned error', 'code': 400, 'metadata': {'raw': '{"error": {"message": "{\\"error\\":{\\"message\\":\\"This model\'s maximum context length is 8192 tokens. However, you requested 8192 output tokens and your prompt contains 11151 characters (more than 0 characters, which is the upper bound for 0 input tokens). Please reduce the length of the input prompt or the number of requested output tokens. (parameter=input_text, value=11151)\\",\\"type\\":\\"BadRequestError\\",\\"param\\":\\"input_text\\",\\"code\\":400}}", "type": "invalid_request_error", "param": null, "code": 400}}', 'provider_name': 'NextBit', 'is_byok': False, 'provider_error_code': '400'}}, 'user_id': 'user_3GJo0fkBfUnouJ6Q4PCHo7kXw4J'}); retrying unconstrained.
Calling Interviewer server...
Calling Candidate server...
Structured call to Candidate server failed (Error code: 400 - {'error': {'message': 'Provider returned error', 'code': 400, 'metadata': {'raw': '{"error": {"message": "{\\"error\\":{\\"message\\":\\"This model\'s maximum context length is 8192 tokens. However, you requested 8192 output tokens and your prompt contains 11832 characters (more than 0 characters, which is the upper bound for 0 input tokens). Please reduce the length of the input prompt or the number of requested output tokens. (parameter=input_text, value=11832)\\",\\"type\\":\\"BadRequestError\\",\\"param\\":\\"input_text\\",\\"code\\":400}}", "type": "invalid_request_error", "param": null, "code": 400}}', 'provider_name': 'NextBit', 'is_byok': False, 'provider_error_code': '400'}}, 'user_id': 'user_3GJo0fkBfUnouJ6Q4PCHo7kXw4J'}); retrying unconstrained.
Calling Interviewer server...
Calling Candidate server...
Structured call to Candidate server failed (Error code: 400 - {'error': {'message': 'Provider returned error', 'code': 400, 'metadata': {'raw': '{"error": {"message": "{\\"error\\":{\\"message\\":\\"This model\'s maximum context length is 8192 tokens. However, you requested 8192 output tokens and your prompt contains 12867 characters (more than 0 characters, which is the upper bound for 0 input tokens). Please reduce the length of the input prompt or the number of requested output tokens. (parameter=input_text, value=12867)\\",\\"type\\":\\"BadRequestError\\",\\"param\\":\\"input_text\\",\\"code\\":400}}", "type": "invalid_request_error", "param": null, "code": 400}}', 'provider_name': 'NextBit', 'is_byok': False, 'provider_error_code': '400'}}, 'user_id': 'user_3GJo0fkBfUnouJ6Q4PCHo7kXw4J'}); retrying unconstrained.
Calling Interviewer server...
Calling Candidate server...
Structured call to Candidate server failed (Error code: 400 - {'error': {'message': 'Provider returned error', 'code': 400, 'metadata': {'raw': '{"error": {"message": "{\\"error\\":{\\"message\\":\\"This model\'s maximum context length is 8192 tokens. However, you requested 8192 output tokens and your prompt contains 13998 characters (more than 0 characters, which is the upper bound for 0 input tokens). Please reduce the length of the input prompt or the number of requested output tokens. (parameter=input_text, value=13998)\\",\\"type\\":\\"BadRequestError\\",\\"param\\":\\"input_text\\",\\"code\\":400}}", "type": "invalid_request_error", "param": null, "code": 400}}', 'provider_name': 'NextBit', 'is_byok': False, 'provider_error_code': '400'}}, 'user_id': 'user_3GJo0fkBfUnouJ6Q4PCHo7kXw4J'}); retrying unconstrained.
Calling Judge Case Guide Scout server...
Calling Judge server...
Calling Eval Case Performance Scout server...
Calling Eval Dialog Quality Case Guide Scout server...
Calling Eval Dialog Quality server...
Calling Eval Case Performance server...
Calling Give Feedback Case Guide Scout server...
RAG being used, consulting ConsultingCaseGuide-PPML.pdf file
Calling Give Feedback server...
[agentic] 5/104 scenario_01_02 (repeat 1/4)
